// Jest Snapshot v1, https://goo.gl/fbAQLP

exports[`apollo should run without error 1`] = `
<DocumentFragment>
  <div>
    OK!
  </div>
</DocumentFragment>
`;
