// Jest Snapshot v1, https://goo.gl/fbAQLP

exports[`Country should render a Country 1`] = `
<DocumentFragment>
  <div
    class="jsx-563423332 country"
  >
    <div
      class="jsx-563423332"
      data-testid="country-name"
    >
      United States
    </div>
  </div>
</DocumentFragment>
`;
