// Jest Snapshot v1, https://goo.gl/fbAQLP

exports[`App controls the root NextJS app 1`] = `
<App
  Component={[Function]}
  pageProps={Object {}}
/>
`;
