// Jest Snapshot v1, https://goo.gl/fbAQLP

exports[`Pages:Homepage renders the homepage 1`] = `
<div
  style={
    Object {
      "textAlign": "center",
    }
  }
>
  <p>
    Welcome to the boilerplate React app using NextJS!
  </p>
  <p>
    Try navigating to
    <a
      href="/example/second-page"
      onClick={[Function]}
      onMouseEnter={[Function]}
    >
       another page 
    </a>
    and observe the URL changing
  </p>
  <p>
    Or try interacting with our graphql country endpoint
  </p>
  <div>
    Loading Countries...
  </div>
</div>
`;
